
> hydrogen-storefront@2026.4.0 build
> shopify hydrogen build --codegen

[36mvite v6.4.2 [32mbuilding for production...[36m[39m
transforming...
[32m✓[39m 1900 modules transformed.
[33mGenerated an empty chunk: "sitemap._type._page_.xml_".[39m
[33mGenerated an empty chunk: "account_.authorize".[39m
[33mGenerated an empty chunk: "account_.logout".[39m
[33mGenerated an empty chunk: "account_.login".[39m
[33mGenerated an empty chunk: "discount._code".[39m
[33mGenerated an empty chunk: "_sitemap.xml_".[39m
[33mGenerated an empty chunk: "_robots.txt_".[39m
[33mGenerated an empty chunk: "account._index".[39m
[33mGenerated an empty chunk: "account._".[39m
rendering chunks...
computing gzip size...
[2mdist/client/[22m[32moxygen.json                                          [39m[1m[2m  0.06 kB[22m[1m[22m[2m │ gzip:  0.07 kB[22m
[2mdist/client/[22m[32massets/favicon-DZkC1E9c.svg                          [39m[1m[2m  0.69 kB[22m[1m[22m[2m │ gzip:  0.35 kB[22m
[2mdist/client/[22m[32m.vite/manifest.json                                  [39m[1m[2m 16.30 kB[22m[1m[22m[2m │ gzip:  1.91 kB[22m
[2mdist/client/[22m[35massets/index-PAIx9qGT.css                            [39m[1m[2m  1.09 kB[22m[1m[22m[2m │ gzip:  0.58 kB[22m
[2mdist/client/[22m[35massets/reset-CUHB55PU.css                            [39m[1m[2m  1.23 kB[22m[1m[22m[2m │ gzip:  0.55 kB[22m
[2mdist/client/[22m[35massets/root-BTN7qZQP.css                             [39m[1m[2m  2.12 kB[22m[1m[22m[2m │ gzip:  0.69 kB[22m
[2mdist/client/[22m[35massets/App-CvMNLrwe.css                              [39m[1m[2m  2.35 kB[22m[1m[22m[2m │ gzip:  0.86 kB[22m
[2mdist/client/[22m[35massets/_index-BBMarAgh.css                           [39m[1m[2m  5.39 kB[22m[1m[22m[2m │ gzip:  1.55 kB[22m
[2mdist/client/[22m[35massets/app-BhfO4BG0.css                              [39m[1m[2m  7.09 kB[22m[1m[22m[2m │ gzip:  1.97 kB[22m
[2mdist/client/[22m[35massets/products-rUbAMxAo.css                         [39m[1m[2m 14.43 kB[22m[1m[22m[2m │ gzip:  3.48 kB[22m
[2mdist/client/[22m[36massets/sitemap._type._page_.xml_-l0sNRNKZ.js         [39m[1m[2m  0.00 kB[22m[1m[22m[2m │ gzip:  0.02 kB[22m
[2mdist/client/[22m[36massets/account_.authorize-l0sNRNKZ.js                [39m[1m[2m  0.00 kB[22m[1m[22m[2m │ gzip:  0.02 kB[22m
[2mdist/client/[22m[36massets/account_.logout-l0sNRNKZ.js                   [39m[1m[2m  0.00 kB[22m[1m[22m[2m │ gzip:  0.02 kB[22m
[2mdist/client/[22m[36massets/account_.login-l0sNRNKZ.js                    [39m[1m[2m  0.00 kB[22m[1m[22m[2m │ gzip:  0.02 kB[22m
[2mdist/client/[22m[36massets/discount._code-l0sNRNKZ.js                    [39m[1m[2m  0.00 kB[22m[1m[22m[2m │ gzip:  0.02 kB[22m
[2mdist/client/[22m[36massets/_sitemap.xml_-l0sNRNKZ.js                     [39m[1m[2m  0.00 kB[22m[1m[22m[2m │ gzip:  0.02 kB[22m
[2mdist/client/[22m[36massets/_robots.txt_-l0sNRNKZ.js                      [39m[1m[2m  0.00 kB[22m[1m[22m[2m │ gzip:  0.02 kB[22m
[2mdist/client/[22m[36massets/account._index-l0sNRNKZ.js                    [39m[1m[2m  0.00 kB[22m[1m[22m[2m │ gzip:  0.02 kB[22m
[2mdist/client/[22m[36massets/account._-l0sNRNKZ.js                         [39m[1m[2m  0.00 kB[22m[1m[22m[2m │ gzip:  0.02 kB[22m
[2mdist/client/[22m[36massets/cart._lines-eB-NV0q9.js                       [39m[1m[2m  0.11 kB[22m[1m[22m[2m │ gzip:  0.12 kB[22m
[2mdist/client/[22m[36massets/_-DlG4qoGG.js                                 [39m[1m[2m  0.11 kB[22m[1m[22m[2m │ gzip:  0.12 kB[22m
[2mdist/client/[22m[36massets/search-DOeYwaXi.js                            [39m[1m[2m  0.28 kB[22m[1m[22m[2m │ gzip:  0.23 kB[22m
[2mdist/client/[22m[36massets/policies._index-D1ID37z_.js                   [39m[1m[2m  0.39 kB[22m[1m[22m[2m │ gzip:  0.28 kB[22m
[2mdist/client/[22m[36massets/pages._handle-CqjWBBjt.js                     [39m[1m[2m  0.41 kB[22m[1m[22m[2m │ gzip:  0.32 kB[22m
[2mdist/client/[22m[36massets/variants-BJNxSUVO.js                          [39m[1m[2m  0.49 kB[22m[1m[22m[2m │ gzip:  0.34 kB[22m
[2mdist/client/[22m[36massets/cart-Ckf1XmtI.js                              [39m[1m[2m  0.51 kB[22m[1m[22m[2m │ gzip:  0.35 kB[22m
[2mdist/client/[22m[36massets/policies._handle-Mb28Dctp.js                  [39m[1m[2m  0.53 kB[22m[1m[22m[2m │ gzip:  0.36 kB[22m
[2mdist/client/[22m[36massets/blogs._index-ttCBRdrg.js                      [39m[1m[2m  0.60 kB[22m[1m[22m[2m │ gzip:  0.38 kB[22m
[2mdist/client/[22m[36massets/ProductItem-BGh6ng7F.js                       [39m[1m[2m  0.60 kB[22m[1m[22m[2m │ gzip:  0.41 kB[22m
[2mdist/client/[22m[36massets/collections.all-DmCwuQgO.js                   [39m[1m[2m  0.67 kB[22m[1m[22m[2m │ gzip:  0.43 kB[22m
[2mdist/client/[22m[36massets/PaginatedResourceSection-kv40D3pK.js          [39m[1m[2m  0.72 kB[22m[1m[22m[2m │ gzip:  0.41 kB[22m
[2mdist/client/[22m[36massets/blogs._blogHandle._articleHandle-DuSneJpl.js  [39m[1m[2m  0.80 kB[22m[1m[22m[2m │ gzip:  0.51 kB[22m
[2mdist/client/[22m[36massets/collections._index-Cjug0caZ.js                [39m[1m[2m  0.87 kB[22m[1m[22m[2m │ gzip:  0.50 kB[22m
[2mdist/client/[22m[36massets/collections._handle-D0alfK2a.js               [39m[1m[2m  0.88 kB[22m[1m[22m[2m │ gzip:  0.51 kB[22m
[2mdist/client/[22m[36massets/jsx-runtime-DLrm1GVK.js                       [39m[1m[2m  1.01 kB[22m[1m[22m[2m │ gzip:  0.63 kB[22m
[2mdist/client/[22m[36massets/account-CGzUt2mV.js                           [39m[1m[2m  1.05 kB[22m[1m[22m[2m │ gzip:  0.55 kB[22m
[2mdist/client/[22m[36massets/star-Bu5csNTu.js                              [39m[1m[2m  1.07 kB[22m[1m[22m[2m │ gzip:  0.53 kB[22m
[2mdist/client/[22m[36massets/blogs._blogHandle._index-EL6qZKND.js          [39m[1m[2m  1.16 kB[22m[1m[22m[2m │ gzip:  0.65 kB[22m
[2mdist/client/[22m[36massets/account.profile-Cb0uOX6d.js                   [39m[1m[2m  1.20 kB[22m[1m[22m[2m │ gzip:  0.58 kB[22m
[2mdist/client/[22m[36massets/log-seo-tags-TY72EQWZ-DCHH-_Gl.js             [39m[1m[2m  1.34 kB[22m[1m[22m[2m │ gzip:  0.69 kB[22m
[2mdist/client/[22m[36massets/ProductPrice-Bm7YnrCg.js                      [39m[1m[2m  1.40 kB[22m[1m[22m[2m │ gzip:  0.73 kB[22m
[2mdist/client/[22m[36massets/createLucideIcon-AL2bNKwp.js                  [39m[1m[2m  2.58 kB[22m[1m[22m[2m │ gzip:  0.90 kB[22m
[2mdist/client/[22m[36massets/account.orders._id-DgPC5rKy.js                [39m[1m[2m  3.02 kB[22m[1m[22m[2m │ gzip:  0.98 kB[22m
[2mdist/client/[22m[36massets/account.orders._index-DX03RdlG.js             [39m[1m[2m  3.26 kB[22m[1m[22m[2m │ gzip:  1.32 kB[22m
[2mdist/client/[22m[36massets/Money-DjX-jPIe.js                             [39m[1m[2m  3.67 kB[22m[1m[22m[2m │ gzip:  1.49 kB[22m
[2mdist/client/[22m[36massets/search-DYb-k88s.js                            [39m[1m[2m  3.71 kB[22m[1m[22m[2m │ gzip:  1.38 kB[22m
[2mdist/client/[22m[36massets/Image-Clou9j6m.js                             [39m[1m[2m  4.15 kB[22m[1m[22m[2m │ gzip:  1.69 kB[22m
[2mdist/client/[22m[36massets/account.addresses-w6Ar8dQi.js                 [39m[1m[2m  4.75 kB[22m[1m[22m[2m │ gzip:  1.39 kB[22m
[2mdist/client/[22m[36massets/_index-KaQY55Sz.js                            [39m[1m[2m  5.52 kB[22m[1m[22m[2m │ gzip:  1.84 kB[22m
[2mdist/client/[22m[36massets/CartMain-Bi1GFF3o.js                          [39m[1m[2m  7.81 kB[22m[1m[22m[2m │ gzip:  2.72 kB[22m
[2mdist/client/[22m[36massets/products._handle-Cq4L85fQ.js                  [39m[1m[2m  7.97 kB[22m[1m[22m[2m │ gzip:  3.13 kB[22m
[2mdist/client/[22m[36massets/root-ChKQcLDP.js                              [39m[1m[2m 13.36 kB[22m[1m[22m[2m │ gzip:  4.19 kB[22m
[2mdist/client/[22m[36massets/products.-Bql1tW-Q.js                         [39m[1m[2m 21.65 kB[22m[1m[22m[2m │ gzip:  5.95 kB[22m
[2mdist/client/[22m[36massets/index-DG11a4oE.js                             [39m[1m[2m 36.77 kB[22m[1m[22m[2m │ gzip: 12.86 kB[22m
[2mdist/client/[22m[36massets/chunk-EPOLDU6W-HrBWZy1f.js                    [39m[1m[2m127.69 kB[22m[1m[22m[2m │ gzip: 43.08 kB[22m
[2mdist/client/[22m[36massets/entry.client-DA-_bAAE.js                      [39m[1m[2m141.55 kB[22m[1m[22m[2m │ gzip: 45.86 kB[22m
[32m✓ built in 11.47s[39m

[36mvite v6.4.2 [32mbuilding SSR bundle for production...[36m[39m
transforming...
[33mnode_modules/react-router/dist/development/dom-export.mjs (1:0): Error when using sourcemap for reporting an error: Can't resolve original location of error.[39m
[32m✓[39m 1885 modules transformed.
rendering chunks...
[2mdist/server/[22m[32moxygen.json                  [39m[1m[2m    0.06 kB[22m[1m[22m
[2mdist/server/[22m[32massets/favicon-DZkC1E9c.svg  [39m[1m[2m    0.69 kB[22m[1m[22m
[2mdist/server/[22m[32m.vite/manifest.json          [39m[1m[2m    1.80 kB[22m[1m[22m
[2mdist/server/[22m[32mmetafile.server.json         [39m[1m[2m1,848.69 kB[22m[1m[22m
[2mdist/server/[22m[32mserver-bundle-analyzer.html  [39m[1m[2m1,964.31 kB[22m[1m[22m
[2mdist/server/[22m[35massets/index-PAIx9qGT.css    [39m[1m[2m    1.09 kB[22m[1m[22m
[2mdist/server/[22m[35massets/reset-CUHB55PU.css    [39m[1m[2m    1.23 kB[22m[1m[22m
[2mdist/server/[22m[35massets/App-CvMNLrwe.css      [39m[1m[2m    2.35 kB[22m[1m[22m
[2mdist/server/[22m[35massets/app-BhfO4BG0.css      [39m[1m[2m    7.09 kB[22m[1m[22m
[2mdist/server/[22m[35massets/server-Cu0o-euT.css   [39m[1m[2m   21.93 kB[22m[1m[22m
[2mdist/server/[22m[36mindex.js                     [39m[1m[2m  447.81 kB[22m[1m[22m[2m │ map: 1,527.54 kB[22m

[32m✓[39m 6 assets cleaned from React Router server build.
[2mdist\client\assets\App-CvMNLrwe.css[22m
[2mdist\client\assets\index-PAIx9qGT.css[22m
[2mdist\client\assets\app-BhfO4BG0.css[22m
[2mdist\client\assets\reset-CUHB55PU.css[22m
[2mdist\client\assets\favicon-DZkC1E9c.svg[22m
[2mdist\server\assets\server-Cu0o-euT.css[22m

[32m✓ built in 8.95s[39m
    │
    ├ app/routes/products..jsx                                                                                                                      21.8kb    5.0%
    ├  virtual:react-router/server-manifest                                                                                                         15.6kb    3.6%
    ├ app/routes/account.addresses.jsx                                                                                                               7.8kb    1.8%
    ├ node_modules/react/cjs/react.production.min.js                                                                                                 7.1kb    1.6%
    ├ app/routes/search.jsx                                                                                                                          6.6kb    1.5%
    ├ node_modules/@shopify/graphql-client/dist/graphql-client/graphql-client.mjs                                                                    5.4kb    1.2%
    ├  virtual:react-router/server-build                                                                                                             4.5kb    1.0%
    ├ app/components/CartSummary.jsx                                                                                                                 4.5kb    1.0%
    ├ app/routes/account.orders.$id.jsx                                                                                                              4.4kb    1.0%
    ├ app/components/SearchResultsPredictive.jsx                                                                                                     4.4kb    1.0%
    │
    └─── Complete analysis: file://C:/Users/Dhaval/.gemini/antigravity/scratch/pilgrim-clone/hydrogen-storefront/dist/server/server-bundle-analyzer.html ( file://C:/Users/Dhaval/.gemini/antigravity/scratch/pilgrim-clone/hydrogen-storefront/dist/server/server-bundle-analyzer.html )


